test_initial_intention_changes_generated_consequence (tests.test_play.Play.test_initial_intention_changes_generated_consequence) ... ERROR
test_invalid_and_competing_player_actions_refuse (tests.test_play.Play.test_invalid_and_competing_player_actions_refuse) ... ok
test_playable_path_views_and_further_informed_choice (tests.test_play.Play.test_playable_path_views_and_further_informed_choice) ... ERROR
test_save_load_and_privileged_commands_not_in_play (tests.test_play.Play.test_save_load_and_privileged_commands_not_in_play) ... ok
test_acquired_capacity_depends_on_independent_observed_practice (tests.test_continuation.Persistence.test_acquired_capacity_depends_on_independent_observed_practice) ... ok
test_cancel_keeps_spending_and_stops_reward (tests.test_continuation.Persistence.test_cancel_keeps_spending_and_stops_reward) ... ok
test_exact_partial_replay_and_future (tests.test_continuation.Persistence.test_exact_partial_replay_and_future) ... ok
test_forged_save_and_duplicate_commands (tests.test_continuation.Persistence.test_forged_save_and_duplicate_commands) ... ok
test_legacy_session_bytes_preserved (tests.test_continuation.Persistence.test_legacy_session_bytes_preserved) ... ok
test_new_episode_reuses_generated_experience (tests.test_continuation.Persistence.test_new_episode_reuses_generated_experience) ... FAIL
test_relevant_correction_and_irrelevant_history (tests.test_continuation.Persistence.test_relevant_correction_and_irrelevant_history) ... ok
test_asymmetric_edge_and_unavailable (tests.test_field.Connections.test_asymmetric_edge_and_unavailable) ... ok
test_delivery_not_read_and_duplicate (tests.test_field.Connections.test_delivery_not_read_and_duplicate) ... ok
test_finite_exhaustion_keeps_paid_partial_work (tests.test_field.Connections.test_finite_exhaustion_keeps_paid_partial_work) ... ok
test_forged_processing_rejected (tests.test_field.Connections.test_forged_processing_rejected) ... ok
test_indirect_shared_object_subscription (tests.test_field.Connections.test_indirect_shared_object_subscription) ... ok
test_partial_processing_and_restore (tests.test_field.Connections.test_partial_processing_and_restore) ... ok
test_processed_delivery_changes_material_outcome (tests.test_field.Connections.test_processed_delivery_changes_material_outcome) ... ok
test_stale_competing_actions_and_duplicate_command (tests.test_field.Connections.test_stale_competing_actions_and_duplicate_command) ... ok
test_three_agents_and_fair_turns (tests.test_field.Connections.test_three_agents_and_fair_turns) ... ok
test_undelivered_hidden_change_not_policy_input (tests.test_field.Connections.test_undelivered_hidden_change_not_policy_input) ... ok
test_claim_without_return_refused (tests.test_loop.Generativity.test_claim_without_return_refused) ... ok
test_declared_loop_and_all_counterfactuals (tests.test_loop.Generativity.test_declared_loop_and_all_counterfactuals) ... ok

======================================================================
ERROR: test_initial_intention_changes_generated_consequence (tests.test_play.Play.test_initial_intention_changes_generated_consequence)
----------------------------------------------------------------------
Traceback (most recent call last):
  File "/workspace/scratch/e2b89b674c7d/Engine_Gaming/tests/test_play.py", line 37, in test_initial_intention_changes_generated_consequence
    for text in ('propose 4','reflect','wait 1200'):s,out=command(s,text)
                                                          ^^^^^^^^^^^^^^^
  File "/workspace/scratch/e2b89b674c7d/Engine_Gaming/engine_gaming/__main__.py", line 43, in command
    r=session.act(dict(id='play:'+str(len(session.commands)+1),kind='advance' if verb=='wait' else verb,**extra))
      ^^^^^^^^^^^^^^^^^^^^^^^^^^^^^^^^^^^^^^^^^^^^^^^^^^^^^^^^^^^^^^^^^^^^^^^^^^^^^^^^^^^^^^^^^^^^^^^^^^^^^^^^^^^
  File "/workspace/scratch/e2b89b674c7d/Engine_Gaming/engine_gaming/session.py", line 41, in act
    if type(n) is not int or not 0<=n<=1000 or f.turn+n>10000:raise ValueError('bounded finite turns required')
                                                              ^^^^^^^^^^^^^^^^^^^^^^^^^^^^^^^^^^^^^^^^^^^^^^^^^
ValueError: bounded finite turns required

======================================================================
ERROR: test_playable_path_views_and_further_informed_choice (tests.test_play.Play.test_playable_path_views_and_further_informed_choice)
----------------------------------------------------------------------
Traceback (most recent call last):
  File "/workspace/scratch/e2b89b674c7d/Engine_Gaming/tests/test_play.py", line 13, in test_playable_path_views_and_further_informed_choice
    s,out=command(s,text);lines.extend(('> '+text,out))
          ^^^^^^^^^^^^^^^
  File "/workspace/scratch/e2b89b674c7d/Engine_Gaming/engine_gaming/__main__.py", line 43, in command
    r=session.act(dict(id='play:'+str(len(session.commands)+1),kind='advance' if verb=='wait' else verb,**extra))
      ^^^^^^^^^^^^^^^^^^^^^^^^^^^^^^^^^^^^^^^^^^^^^^^^^^^^^^^^^^^^^^^^^^^^^^^^^^^^^^^^^^^^^^^^^^^^^^^^^^^^^^^^^^^
  File "/workspace/scratch/e2b89b674c7d/Engine_Gaming/engine_gaming/session.py", line 41, in act
    if type(n) is not int or not 0<=n<=1000 or f.turn+n>10000:raise ValueError('bounded finite turns required')
                                                              ^^^^^^^^^^^^^^^^^^^^^^^^^^^^^^^^^^^^^^^^^^^^^^^^^
ValueError: bounded finite turns required

======================================================================
FAIL: test_new_episode_reuses_generated_experience (tests.test_continuation.Persistence.test_new_episode_reuses_generated_experience)
----------------------------------------------------------------------
Traceback (most recent call last):
  File "/workspace/scratch/e2b89b674c7d/Engine_Gaming/tests/test_continuation.py", line 38, in test_new_episode_reuses_generated_experience
    self.assertEqual(attrs(s.field.engine.world.head(ref('bryn-stock').identity))['consumed'],8)
AssertionError: 5 != 8

----------------------------------------------------------------------
Ran 23 tests in 322.083s

FAILED (failures=1, errors=2)
