test_U2_01_instances (tests_u2.test_acceptance.Acceptance.test_U2_01_instances) ... ok
test_U2_02_nonmental_material (tests_u2.test_acceptance.Acceptance.test_U2_02_nonmental_material) ... ok
test_U2_03_relation_identity (tests_u2.test_acceptance.Acceptance.test_U2_03_relation_identity) ... ok
test_U2_04_hypothesis (tests_u2.test_acceptance.Acceptance.test_U2_04_hypothesis) ... ok
test_U2_05_historical_revision (tests_u2.test_acceptance.Acceptance.test_U2_05_historical_revision) ... ok
test_U2_06_split_merge (tests_u2.test_acceptance.Acceptance.test_U2_06_split_merge) ... ok
test_U2_07_finite_cycle (tests_u2.test_acceptance.Acceptance.test_U2_07_finite_cycle) ... ok
test_U2_08_legacy_adapter (tests_u2.test_acceptance.Acceptance.test_U2_08_legacy_adapter) ... ok
test_all_occurrence_categories_remain_distinct_after_roundtrip (tests_u2.test_controls.Controls.test_all_occurrence_categories_remain_distinct_after_roundtrip) ... ok
test_codec_rejects_unknown_mutable_duplicate_and_tampered_values (tests_u2.test_controls.Controls.test_codec_rejects_unknown_mutable_duplicate_and_tampered_values) ... ok
test_definition_and_membership_changes_need_explicit_lineage (tests_u2.test_controls.Controls.test_definition_and_membership_changes_need_explicit_lineage) ... ok
test_definitions_and_optional_capabilities_use_exact_bindings (tests_u2.test_controls.Controls.test_definitions_and_optional_capabilities_use_exact_bindings) ... ok
test_hypothesis_cannot_be_promoted_or_rewrite_actual_event (tests_u2.test_controls.Controls.test_hypothesis_cannot_be_promoted_or_rewrite_actual_event) ... ok
test_legacy_adapter_rejects_unknown_tag_changed_fields_and_identity (tests_u2.test_controls.Controls.test_legacy_adapter_rejects_unknown_tag_changed_fields_and_identity) ... ok
test_legacy_false_memory_and_observation_categories_are_exact (tests_u2.test_controls.Controls.test_legacy_false_memory_and_observation_categories_are_exact) ... ok
test_legacy_hidden_fact_and_evaluator_checks_do_not_leak_through_views (tests_u2.test_controls.Controls.test_legacy_hidden_fact_and_evaluator_checks_do_not_leak_through_views) ... ok
test_legacy_views_cannot_be_written_to_native_store (tests_u2.test_controls.Controls.test_legacy_views_cannot_be_written_to_native_store) ... ok
test_material_changes_require_supported_transition_and_owner (tests_u2.test_controls.Controls.test_material_changes_require_supported_transition_and_owner) ... ok
test_material_conservation_owner_unit_law_and_consumption_controls (tests_u2.test_controls.Controls.test_material_conservation_owner_unit_law_and_consumption_controls) ... ok
test_mixed_valid_invalid_batch_leaves_no_published_objects (tests_u2.test_controls.Controls.test_mixed_valid_invalid_batch_leaves_no_published_objects) ... ok
test_raw_commit_cannot_create_unretired_split_outputs (tests_u2.test_controls.Controls.test_raw_commit_cannot_create_unretired_split_outputs) ... ok
test_rehashed_journal_with_forged_material_quantity_rejects (tests_u2.test_controls.Controls.test_rehashed_journal_with_forged_material_quantity_rejects) ... ok
test_relation_context_and_exact_endpoint_integrity (tests_u2.test_controls.Controls.test_relation_context_and_exact_endpoint_integrity) ... ok
test_replay_rejects_duplicate_out_of_order_and_unresolved_history (tests_u2.test_controls.Controls.test_replay_rejects_duplicate_out_of_order_and_unresolved_history) ... ok
test_retirement_is_terminal_and_cannot_remove_material_state (tests_u2.test_controls.Controls.test_retirement_is_terminal_and_cannot_remove_material_state) ... ok
test_same_key_retry_is_idempotent_and_conflict_rejects (tests_u2.test_controls.Controls.test_same_key_retry_is_idempotent_and_conflict_rejects) ... ok
test_stale_revision_skip_and_writer_takeover_reject_atomically (tests_u2.test_controls.Controls.test_stale_revision_skip_and_writer_takeover_reject_atomically) ... ok
test_strict_immutable_shapes_and_unique_role_state (tests_u2.test_controls.Controls.test_strict_immutable_shapes_and_unique_role_state) ... ok
test_two_concurrent_writers_cannot_both_spend_one_revision (tests_u2.test_controls.Controls.test_two_concurrent_writers_cannot_both_spend_one_revision) ... ok
test_version4_zero_budget_checkpoint_exact_roundtrip_and_continuation (tests_u2.test_controls.Controls.test_version4_zero_budget_checkpoint_exact_roundtrip_and_continuation) ... ok
test_all_216_three_action_sequences_through_the_common_adapter (tests_u2.test_legacy_sequences.MatchedSequences.test_all_216_three_action_sequences_through_the_common_adapter) ... ok
test_U3_01_hidden_changes_leave_views_reasons_and_choices_equal (tests_u3.test_acceptance.Acceptance.test_U3_01_hidden_changes_leave_views_reasons_and_choices_equal) ... ok
test_U3_02_shared_structure_keeps_actor_learning_separate (tests_u3.test_acceptance.Acceptance.test_U3_02_shared_structure_keeps_actor_learning_separate) ... ok
test_U3_03_indexed_particulars_and_concept_binding_share_exact_refs (tests_u3.test_acceptance.Acceptance.test_U3_03_indexed_particulars_and_concept_binding_share_exact_refs) ... ok
test_historical_binding_meanings_and_actor_views_restore_exactly (tests_u3.test_acceptance.Acceptance.test_historical_binding_meanings_and_actor_views_restore_exactly) ... ok
test_incompatible_accounts_do_not_overwrite_material_truth (tests_u3.test_acceptance.Acceptance.test_incompatible_accounts_do_not_overwrite_material_truth) ... ok
test_actor_local_history_ignores_other_actor_event_count (tests_u3.test_controls.AccessControls.test_actor_local_history_ignores_other_actor_event_count) ... ok
test_actor_view_is_detached_and_immutable (tests_u3.test_controls.AccessControls.test_actor_view_is_detached_and_immutable) ... ok
test_assessments_are_excluded_from_participant_access (tests_u3.test_controls.AccessControls.test_assessments_are_excluded_from_participant_access) ... ok
test_binding_cannot_use_undelivered_details_or_other_actor_links (tests_u3.test_controls.AccessControls.test_binding_cannot_use_undelivered_details_or_other_actor_links) ... ok
test_concept_links_are_contextual_bounded_and_cycle_safe (tests_u3.test_controls.AccessControls.test_concept_links_are_contextual_bounded_and_cycle_safe) ... ok
test_delivery_partial_completion_and_work_history (tests_u3.test_controls.AccessControls.test_delivery_partial_completion_and_work_history) ... ok
test_exact_names_dates_events_and_receipts_have_separate_indexes (tests_u3.test_controls.AccessControls.test_exact_names_dates_events_and_receipts_have_separate_indexes) ... ok
test_exact_value_index_distinguishes_boolean_and_integer (tests_u3.test_controls.AccessControls.test_exact_value_index_distinguishes_boolean_and_integer) ... ok
test_grant_rejects_malformed_projection_before_publication (tests_u3.test_controls.AccessControls.test_grant_rejects_malformed_projection_before_publication) ... ok
test_grant_revocation_retains_memory_and_grants_no_future_revision (tests_u3.test_controls.AccessControls.test_grant_revocation_retains_memory_and_grants_no_future_revision) ... ok
test_historical_rights_do_not_rebind_to_current_actor_roles (tests_u3.test_controls.AccessControls.test_historical_rights_do_not_rebind_to_current_actor_roles) ... ok
test_other_actor_private_account_and_capability_cannot_be_disclosed (tests_u3.test_controls.AccessControls.test_other_actor_private_account_and_capability_cannot_be_disclosed) ... ok
test_partial_acquisition_cannot_grant_use (tests_u3.test_controls.AccessControls.test_partial_acquisition_cannot_grant_use) ... ok
test_reading_procedure_name_is_not_reading_its_structure (tests_u3.test_controls.AccessControls.test_reading_procedure_name_is_not_reading_its_structure) ... ok
test_receipt_reuse_and_work_rollback_reject (tests_u3.test_controls.AccessControls.test_receipt_reuse_and_work_rollback_reject) ... ok
test_receipt_wrong_owner_work_revision_or_authority_rejects_atomically (tests_u3.test_controls.AccessControls.test_receipt_wrong_owner_work_revision_or_authority_rejects_atomically) ... ok
test_reference_disclosure_does_not_disclose_target_contents (tests_u3.test_controls.AccessControls.test_reference_disclosure_does_not_disclose_target_contents) ... ok
test_same_named_instances_have_distinct_particulars (tests_u3.test_controls.AccessControls.test_same_named_instances_have_distinct_particulars) ... ok
test_24_revision_trace_matches_independent_full_snapshot_store (tests_u3.test_controls.CompactControls.test_24_revision_trace_matches_independent_full_snapshot_store) ... ok
test_access_replay_rejects_rehashed_omission_and_extra_nodes (tests_u3.test_controls.CompactControls.test_access_replay_rejects_rehashed_omission_and_extra_nodes) ... ok
test_equal_immutable_definitions_are_physically_shared_with_distinct_ids (tests_u3.test_controls.CompactControls.test_equal_immutable_definitions_are_physically_shared_with_distinct_ids) ... ok
test_exact_dependency_index_and_cache_invalidation_are_internal (tests_u3.test_controls.CompactControls.test_exact_dependency_index_and_cache_invalidation_are_internal) ... ok
test_material_lineage_and_rejected_writes_preserve_laws (tests_u3.test_controls.CompactControls.test_material_lineage_and_rejected_writes_preserve_laws) ... ok
test_pool_hash_verification_and_collision_reject (tests_u3.test_controls.CompactControls.test_pool_hash_verification_and_collision_reject) ... ok
test_rehashed_compact_checkpoint_with_unused_or_reordered_data_rejects (tests_u3.test_controls.CompactControls.test_rehashed_compact_checkpoint_with_unused_or_reordered_data_rejects) ... ok
test_retry_cannot_replace_boolean_with_equal_valued_integer (tests_u3.test_controls.CompactControls.test_retry_cannot_replace_boolean_with_equal_valued_integer) ... ok
test_unchanged_state_is_omitted_and_type_changes_are_retained (tests_u3.test_controls.CompactControls.test_unchanged_state_is_omitted_and_type_changes_are_retained) ... ok
test_active_interruption_preserves_first_step_and_exact_resume (tests_c5.test_shell_routes.ShellRouteTests.test_active_interruption_preserves_first_step_and_exact_resume) ... ok
test_local_release_does_not_clear_another_target (tests_c5.test_shell_routes.ShellRouteTests.test_local_release_does_not_clear_another_target) ... ok
test_raw_auditor_rejects_false_completion_endpoint_and_child (tests_c5.test_shell_routes.ShellRouteTests.test_raw_auditor_rejects_false_completion_endpoint_and_child) ... ok
test_unsupported_effect_cannot_be_cleared (tests_c5.test_shell_routes.ShellRouteTests.test_unsupported_effect_cannot_be_cleared) ... ok

----------------------------------------------------------------------
Ran 67 tests in 12.878s

OK
